
  .   ____          _            __ _ _
 /\\ / ___'_ __ _ _(_)_ __  __ _ \ \ \ \
( ( )\___ | '_ | '_| | '_ \/ _` | \ \ \ \
 \\/  ___)| |_)| | | | | || (_| |  ) ) ) )
  '  |____| .__|_| |_|_| |_\__, | / / / /
 =========|_|==============|___/=/_/_/_/
 :: Spring Boot ::                (v3.2.5)

2026-05-04T12:48:22.442+09:00  INFO 2757 --- [wms-backend] [           main] c.wms.wmsbackend.WmsBackendApplication   : Starting WmsBackendApplication v0.0.1-SNAPSHOT using Java 25.0.1 with PID 2757 (/Volumes/Lexar/SotsuGyouSaku/target/wms-backend-0.0.1-SNAPSHOT.jar started by genshouketsu in /Volumes/Lexar/SotsuGyouSaku)
2026-05-04T12:48:22.442+09:00  INFO 2757 --- [wms-backend] [           main] c.wms.wmsbackend.WmsBackendApplication   : No active profile set, falling back to 1 default profile: "default"
2026-05-04T12:48:22.915+09:00  INFO 2757 --- [wms-backend] [           main] .s.d.r.c.RepositoryConfigurationDelegate : Multiple Spring Data modules found, entering strict repository configuration mode
2026-05-04T12:48:22.917+09:00  INFO 2757 --- [wms-backend] [           main] .s.d.r.c.RepositoryConfigurationDelegate : Bootstrapping Spring Data Redis repositories in DEFAULT mode.
2026-05-04T12:48:22.948+09:00  INFO 2757 --- [wms-backend] [           main] .s.d.r.c.RepositoryConfigurationDelegate : Finished Spring Data repository scanning in 6 ms. Found 0 Redis repository interfaces.
WARNING: A restricted method in java.lang.System has been called
WARNING: java.lang.System::load has been called by org.apache.tomcat.jni.Library in an unnamed module (jar:nested:/Volumes/Lexar/SotsuGyouSaku/target/wms-backend-0.0.1-SNAPSHOT.jar/!BOOT-INF/lib/tomcat-embed-core-10.1.20.jar!/)
WARNING: Use --enable-native-access=ALL-UNNAMED to avoid a warning for callers in this module
WARNING: Restricted methods will be blocked in a future release unless native access is enabled

2026-05-04T12:48:23.314+09:00  INFO 2757 --- [wms-backend] [           main] o.s.b.w.embedded.tomcat.TomcatWebServer  : Tomcat initialized with port 8080 (http)
2026-05-04T12:48:23.320+09:00  INFO 2757 --- [wms-backend] [           main] o.apache.catalina.core.StandardService   : Starting service [Tomcat]
2026-05-04T12:48:23.320+09:00  INFO 2757 --- [wms-backend] [           main] o.apache.catalina.core.StandardEngine    : Starting Servlet engine: [Apache Tomcat/10.1.20]
2026-05-04T12:48:23.333+09:00  INFO 2757 --- [wms-backend] [           main] o.a.c.c.C.[Tomcat].[localhost].[/]       : Initializing Spring embedded WebApplicationContext
2026-05-04T12:48:23.334+09:00  INFO 2757 --- [wms-backend] [           main] w.s.c.ServletWebServerApplicationContext : Root WebApplicationContext: initialization completed in 854 ms
2026-05-04T12:48:23.363+09:00  INFO 2757 --- [wms-backend] [           main] com.zaxxer.hikari.HikariDataSource       : HikariPool-1 - Starting...
2026-05-04T12:48:23.550+09:00  INFO 2757 --- [wms-backend] [           main] com.zaxxer.hikari.pool.HikariPool        : HikariPool-1 - Added connection com.mysql.cj.jdbc.ConnectionImpl@241b971f
2026-05-04T12:48:23.551+09:00  INFO 2757 --- [wms-backend] [           main] com.zaxxer.hikari.HikariDataSource       : HikariPool-1 - Start completed.
2026-05-04T12:48:24.025+09:00  INFO 2757 --- [wms-backend] [           main] o.s.s.web.DefaultSecurityFilterChain     : Will secure any request with [org.springframework.security.web.session.DisableEncodeUrlFilter@7ee12d58, org.springframework.security.web.context.request.async.WebAsyncManagerIntegrationFilter@e72fb04, org.springframework.security.web.context.SecurityContextHolderFilter@f48a080, org.springframework.security.web.header.HeaderWriterFilter@3e4afd10, org.springframework.web.filter.CorsFilter@1533338c, org.springframework.security.web.authentication.logout.LogoutFilter@687b0ddc, com.wms.wmsbackend.security.JwtAuthenticationFilter@13ca16bf, org.springframework.security.web.savedrequest.RequestCacheAwareFilter@401ec794, org.springframework.security.web.servletapi.SecurityContextHolderAwareRequestFilter@d76099a, org.springframework.security.web.authentication.AnonymousAuthenticationFilter@4315fe1b, org.springframework.security.web.session.SessionManagementFilter@69a73867, org.springframework.security.web.access.ExceptionTranslationFilter@4ffa7041, org.springframework.security.web.access.intercept.AuthorizationFilter@3e04abc5]
WARNING: A terminally deprecated method in sun.misc.Unsafe has been called
WARNING: sun.misc.Unsafe::objectFieldOffset has been called by io.netty.util.internal.PlatformDependent0$4 (jar:nested:/Volumes/Lexar/SotsuGyouSaku/target/wms-backend-0.0.1-SNAPSHOT.jar/!BOOT-INF/lib/netty-common-4.1.109.Final.jar!/)
WARNING: Please consider reporting this to the maintainers of class io.netty.util.internal.PlatformDependent0$4
WARNING: sun.misc.Unsafe::objectFieldOffset will be removed in a future release
2026-05-04T12:48:24.274+09:00  INFO 2757 --- [wms-backend] [           main] o.s.b.w.embedded.tomcat.TomcatWebServer  : Tomcat started on port 8080 (http) with context path ''
2026-05-04T12:48:24.284+09:00  INFO 2757 --- [wms-backend] [           main] c.wms.wmsbackend.WmsBackendApplication   : Started WmsBackendApplication in 2.115 seconds (process running for 2.488)
2026-05-04T12:48:29.885+09:00  INFO 2757 --- [wms-backend] [0.0-8080-exec-1] o.a.c.c.C.[Tomcat].[localhost].[/]       : Initializing Spring DispatcherServlet 'dispatcherServlet'
2026-05-04T12:48:29.885+09:00  INFO 2757 --- [wms-backend] [0.0-8080-exec-1] o.s.web.servlet.DispatcherServlet        : Initializing Servlet 'dispatcherServlet'
2026-05-04T12:48:29.887+09:00  INFO 2757 --- [wms-backend] [0.0-8080-exec-1] o.s.web.servlet.DispatcherServlet        : Completed initialization in 1 ms
2026-05-04T12:48:48.672+09:00  INFO 2757 --- [wms-backend] [ionShutdownHook] com.zaxxer.hikari.HikariDataSource       : HikariPool-1 - Shutdown initiated...
2026-05-04T12:48:48.678+09:00  INFO 2757 --- [wms-backend] [ionShutdownHook] com.zaxxer.hikari.HikariDataSource       : HikariPool-1 - Shutdown completed.
