
> wms-frontend@0.0.0 dev
> vite


  VITE v8.0.10  ready in 627 ms

  ➜  Local:   https://localhost:5173/
  ➜  Network: https://192.168.68.101:5173/
12:50:16 PM [vite] (client) [console.error] Failed to fetch user profile: AxiosError: Request failed with status code 403
    at settle (https://localhost:5173/node_modules/.vite/deps/axios.js?v=32d41cbc:1669:14)
    at XMLHttpRequest.onloadend (https://localhost:5173/node_modules/.vite/deps/axios.js?v=32d41cbc:2002:4)
12:50:16 PM [vite] (client) [console.error] Failed to fetch dashboard stats: AxiosError: Request failed with status code 403
    at settle (https://localhost:5173/node_modules/.vite/deps/axios.js?v=32d41cbc:1669:14)
    at XMLHttpRequest.onloadend (https://localhost:5173/node_modules/.vite/deps/axios.js?v=32d41cbc:2002:4)
12:50:16 PM [vite] (client) [console.error] Failed to fetch user profile: AxiosError: Request failed with status code 403
    at settle (https://localhost:5173/node_modules/.vite/deps/axios.js?v=32d41cbc:1669:14)
    at XMLHttpRequest.onloadend (https://localhost:5173/node_modules/.vite/deps/axios.js?v=32d41cbc:2002:4)
12:50:16 PM [vite] (client) [console.error] Failed to fetch dashboard stats: AxiosError: Request failed with status code 403
    at settle (https://localhost:5173/node_modules/.vite/deps/axios.js?v=32d41cbc:1669:14)
    at XMLHttpRequest.onloadend (https://localhost:5173/node_modules/.vite/deps/axios.js?v=32d41cbc:2002:4)
12:50:16 PM [vite] (client) [console.error] Failed to fetch dashboard stats: AxiosError: Request failed with status code 403
    at settle (https://localhost:5173/node_modules/.vite/deps/axios.js?v=32d41cbc:1669:14)
    at XMLHttpRequest.onloadend (https://localhost:5173/node_modules/.vite/deps/axios.js?v=32d41cbc:2002:4)
12:50:16 PM [vite] (client) [console.error] Failed to fetch user profile: AxiosError: Request failed with status code 403
    at settle (https://localhost:5173/node_modules/.vite/deps/axios.js?v=32d41cbc:1669:14)
    at XMLHttpRequest.onloadend (https://localhost:5173/node_modules/.vite/deps/axios.js?v=32d41cbc:2002:4)
12:50:16 PM [vite] (client) [console.error] Failed to fetch user profile: AxiosError: Request failed with status code 403
    at settle (https://localhost:5173/node_modules/.vite/deps/axios.js?v=32d41cbc:1669:14)
    at XMLHttpRequest.onloadend (https://localhost:5173/node_modules/.vite/deps/axios.js?v=32d41cbc:2002:4)
12:50:16 PM [vite] (client) [console.error] Failed to fetch dashboard stats: AxiosError: Request failed with status code 403
    at settle (https://localhost:5173/node_modules/.vite/deps/axios.js?v=32d41cbc:1669:14)
    at XMLHttpRequest.onloadend (https://localhost:5173/node_modules/.vite/deps/axios.js?v=32d41cbc:2002:4)
12:50:16 PM [vite] (client) [console.warn] THREE.Clock: This module has been deprecated. Please use THREE.Timer instead.
12:50:16 PM [vite] (client) [console.warn] THREE.Clock: This module has been deprecated. Please use THREE.Timer instead.
12:50:16 PM [vite] ws proxy error:
Error: This socket has been ended by the other party
    at genericNodeError (node:internal/errors:985:15)
    at wrappedFn (node:internal/errors:539:14)
    at TLSSocket.writeAfterFIN [as write] (node:net:575:14)
    at Socket.ondata (node:internal/streams/readable:1008:24)
    at Socket.emit (node:events:508:28)
    at addChunk (node:internal/streams/readable:559:12)
    at readableAddChunkPushByteMode (node:internal/streams/readable:510:3)
    at Readable.push (node:internal/streams/readable:390:5)
    at TCP.onStreamRead (node:internal/stream_base_commons:189:23)
12:50:16 PM [vite] ws proxy socket error:
Error: This socket has been ended by the other party
    at genericNodeError (node:internal/errors:985:15)
    at wrappedFn (node:internal/errors:539:14)
    at TLSSocket.writeAfterFIN [as write] (node:net:575:14)
    at Socket.ondata (node:internal/streams/readable:1008:24)
    at Socket.emit (node:events:508:28)
    at addChunk (node:internal/streams/readable:559:12)
    at readableAddChunkPushByteMode (node:internal/streams/readable:510:3)
    at Readable.push (node:internal/streams/readable:390:5)
    at TCP.onStreamRead (node:internal/stream_base_commons:189:23)
12:50:16 PM [vite] (client) [console.warn] THREE.Clock: This module has been deprecated. Please use THREE.Timer instead.
12:50:17 PM [vite] (client) [console.warn] THREE.Clock: This module has been deprecated. Please use THREE.Timer instead.
12:50:17 PM [vite] (client) [console.warn] THREE.Clock: This module has been deprecated. Please use THREE.Timer instead.
12:50:17 PM [vite] (client) [console.warn] THREE.Clock: This module has been deprecated. Please use THREE.Timer instead.
12:56:01 PM [vite] (client) hmr update /src/ProductCatalog.jsx
